
Allocating common symbols
Common symbol       size              file

buffer              0x400             crt.o

Memory Configuration

Name             Origin             Length             Attributes
*default*        0x0000000000000000 0xffffffffffffffff

Linker script and memory map

LOAD proc1.o
LOAD crt.o
LOAD ipc.o
                0x0000000020000000                _link_base = 0x20000000

.text           0x0000000020000000      0x7f2
                0x0000000020000000        0x1 BYTE 0xe8
                0x0000000020000001        0x4 LONG 0xb _main_offset
                0x0000000020000005                _main_call = .
                0x0000000020000005        0x1 BYTE 0x43
                0x0000000020000006        0x1 BYTE 0x53
                0x0000000020000007        0x1 BYTE 0x33
                0x0000000020000008                . = ALIGN (0x4)
                0x0000000020000008        0x4 LONG 0x20000000 _link_base
                0x000000002000000c        0x4 LONG 0x20000cac _heap_base
                0x0000000020000010                . = ALIGN (0x4)
 *(.text)
 .text          0x0000000020000010       0x5a proc1.o
                0x0000000020000010                main
 *fill*         0x000000002000006a 0x5a00000002 00
 .text          0x000000002000006c      0x6ba crt.o
                0x00000000200006e2                crt_key_available
                0x0000000020000359                crt_clear_display
                0x00000000200002d1                crt_open
                0x000000002000030e                crt_set_attribute
                0x000000002000006c                int2string
                0x000000002000036a                crt_printf
                0x0000000020000704                crt_read_key
                0x00000000200002e6                crt_close
                0x00000000200002f7                crt_gotoxy
                0x0000000020000337                crt_get_attribute
 *fill*         0x0000000020000726 0x6ba00000002 00
 .text          0x0000000020000728       0xca ipc.o
                0x0000000020000728                ipc_lookup_port
                0x00000000200007b2                ipc_reply
                0x00000000200007d5                ipc_close_port
                0x000000002000078f                ipc_receive
                0x0000000020000762                ipc_send
                0x0000000020000745                ipc_create_port
                0x00000000200007f4                . = ALIGN (0x4)

.data           0x00000000200007f4       0x24
 *(.data)
 .data          0x00000000200007f4       0x22 crt.o
                0x00000000200007f4                small_digits
                0x0000000020000805                large_digits
 *fill*         0x0000000020000816 0x2200000002 00

.bss            0x0000000020000820      0x400
 *(.bss)
 COMMON         0x0000000020000820      0x400 crt.o
                                          0x0 (size before relaxing)
                0x0000000020000820                buffer

.rodata         0x0000000020000c20       0x8c
 *(.rodata)
 .rodata        0x0000000020000c20        0x5 proc1.o
 *fill*         0x0000000020000c25 0x500000003 00
 .rodata        0x0000000020000c28       0x84 crt.o
                0x0000000020000cac                _heap_base = .
                0x000000000000000b                _main_offset = (main - _main_call)

/DISCARD/
 *(.*)
OUTPUT(proc1 binary)
