
Allocating common symbols
Common symbol       size              file

buffer              0x400             crt.o

Memory Configuration

Name             Origin             Length             Attributes
*default*        0x0000000000000000 0xffffffffffffffff

Linker script and memory map

LOAD proc3.o
LOAD crt.o
LOAD ipc.o
                0x0000000020000000                _link_base = 0x20000000

.text           0x0000000020000000      0x86a
                0x0000000020000000        0x1 BYTE 0xe8
                0x0000000020000001        0x4 LONG 0xb _main_offset
                0x0000000020000005                _main_call = .
                0x0000000020000005        0x1 BYTE 0x43
                0x0000000020000006        0x1 BYTE 0x53
                0x0000000020000007        0x1 BYTE 0x33
                0x0000000020000008                . = ALIGN (0x4)
                0x0000000020000008        0x4 LONG 0x20000000 _link_base
                0x000000002000000c        0x4 LONG 0x20000d58 _heap_base
                0x0000000020000010                . = ALIGN (0x4)
 *(.text)
 .text          0x0000000020000010       0xd3 proc3.o
                0x0000000020000010                main
 *fill*         0x00000000200000e3 0xd300000001 00
 .text          0x00000000200000e4      0x6ba crt.o
                0x000000002000075a                crt_key_available
                0x00000000200003d1                crt_clear_display
                0x0000000020000349                crt_open
                0x0000000020000386                crt_set_attribute
                0x00000000200000e4                int2string
                0x00000000200003e2                crt_printf
                0x000000002000077c                crt_read_key
                0x000000002000035e                crt_close
                0x000000002000036f                crt_gotoxy
                0x00000000200003af                crt_get_attribute
 *fill*         0x000000002000079e 0x6ba00000002 00
 .text          0x00000000200007a0       0xca ipc.o
                0x00000000200007a0                ipc_lookup_port
                0x000000002000082a                ipc_reply
                0x000000002000084d                ipc_close_port
                0x0000000020000807                ipc_receive
                0x00000000200007da                ipc_send
                0x00000000200007bd                ipc_create_port
                0x000000002000086c                . = ALIGN (0x4)

.data           0x000000002000086c       0x24
 *(.data)
 .data          0x000000002000086c       0x22 crt.o
                0x000000002000086c                small_digits
                0x000000002000087d                large_digits
 *fill*         0x000000002000088e 0x2200000002 00

.bss            0x00000000200008a0      0x400
 *(.bss)
 COMMON         0x00000000200008a0      0x400 crt.o
                                          0x0 (size before relaxing)
                0x00000000200008a0                buffer

.rodata         0x0000000020000ca0       0xb8
 *(.rodata)
 .rodata        0x0000000020000ca0       0x33 proc3.o
 *fill*         0x0000000020000cd3 0x3300000001 00
 .rodata        0x0000000020000cd4       0x84 crt.o
                0x0000000020000d58                _heap_base = .
                0x000000000000000b                _main_offset = (main - _main_call)

/DISCARD/
 *(.*)
OUTPUT(proc3 binary)
