
Allocating common symbols
Common symbol       size              file

buffer              0x400             crt.o

Memory Configuration

Name             Origin             Length             Attributes
*default*        0x0000000000000000 0xffffffffffffffff

Linker script and memory map

LOAD proc8.o
LOAD crt.o
LOAD ipc.o
                0x0000000020000000                _link_base = 0x20000000

.text           0x0000000020000000      0x90e
                0x0000000020000000        0x1 BYTE 0xe8
                0x0000000020000001        0x4 LONG 0xb _main_offset
                0x0000000020000005                _main_call = .
                0x0000000020000005        0x1 BYTE 0x43
                0x0000000020000006        0x1 BYTE 0x53
                0x0000000020000007        0x1 BYTE 0x33
                0x0000000020000008                . = ALIGN (0x4)
                0x0000000020000008        0x4 LONG 0x20000000 _link_base
                0x000000002000000c        0x4 LONG 0x2000aeb8 _heap_base
                0x0000000020000010                . = ALIGN (0x4)
 *(.text)
 .text          0x0000000020000010      0x176 proc8.o
                0x0000000020000010                main
 *fill*         0x0000000020000186 0x17600000002 00
 .text          0x0000000020000188      0x6ba crt.o
                0x00000000200007fe                crt_key_available
                0x0000000020000475                crt_clear_display
                0x00000000200003ed                crt_open
                0x000000002000042a                crt_set_attribute
                0x0000000020000188                int2string
                0x0000000020000486                crt_printf
                0x0000000020000820                crt_read_key
                0x0000000020000402                crt_close
                0x0000000020000413                crt_gotoxy
                0x0000000020000453                crt_get_attribute
 *fill*         0x0000000020000842 0x6ba00000002 00
 .text          0x0000000020000844       0xca ipc.o
                0x0000000020000844                ipc_lookup_port
                0x00000000200008ce                ipc_reply
                0x00000000200008f1                ipc_close_port
                0x00000000200008ab                ipc_receive
                0x000000002000087e                ipc_send
                0x0000000020000861                ipc_create_port
                0x0000000020000910                . = ALIGN (0x4)

.data           0x0000000020000910       0x24
 *(.data)
 .data          0x0000000020000910       0x22 crt.o
                0x0000000020000910                small_digits
                0x0000000020000921                large_digits
 *fill*         0x0000000020000932 0x2200000002 00

.bss            0x0000000020000940     0xa440
 *(.bss)
 .bss           0x0000000020000940     0xa02c proc8.o
 *fill*         0x000000002000a96c 0x80b852c00000014 00
 COMMON         0x000000002000a980      0x400 crt.o
                                          0x0 (size before relaxing)
                0x000000002000a980                buffer

.rodata         0x000000002000ad80      0x138
 *(.rodata)
 .rodata        0x000000002000ad80       0xb1 proc8.o
 *fill*         0x000000002000ae31 0xb100000003 00
 .rodata        0x000000002000ae34       0x84 crt.o
                0x000000002000aeb8                _heap_base = .
                0x000000000000000b                _main_offset = (main - _main_call)

/DISCARD/
 *(.*)
OUTPUT(proc8 binary)
